------------------------------------------------------------
Timing Analyzer Summary
------------------------------------------------------------

Type  : Slow 1200mV 85C Model Setup 'clock'
Slack : -36.737
TNS   : -7974.142

Type  : Slow 1200mV 85C Model Setup 'CPU:Calculator|Random:Rand|thirdClock'
Slack : -9.240
TNS   : -292.944

Type  : Slow 1200mV 85C Model Setup 'opCode[0]'
Slack : -6.961
TNS   : -136.205

Type  : Slow 1200mV 85C Model Setup 'resetCPU'
Slack : -5.285
TNS   : -125.765

Type  : Slow 1200mV 85C Model Setup 'CPU:Calculator|Random:Rand|fourthClock'
Slack : -4.876
TNS   : -172.517

Type  : Slow 1200mV 85C Model Setup 'CPU:Calculator|Random:Rand|secondClock'
Slack : -2.982
TNS   : -52.104

Type  : Slow 1200mV 85C Model Hold 'opCode[0]'
Slack : -0.023
TNS   : -0.023

Type  : Slow 1200mV 85C Model Hold 'clock'
Slack : 0.036
TNS   : 0.000

Type  : Slow 1200mV 85C Model Hold 'CPU:Calculator|Random:Rand|thirdClock'
Slack : 0.147
TNS   : 0.000

Type  : Slow 1200mV 85C Model Hold 'resetCPU'
Slack : 0.240
TNS   : 0.000

Type  : Slow 1200mV 85C Model Hold 'CPU:Calculator|Random:Rand|secondClock'
Slack : 0.284
TNS   : 0.000

Type  : Slow 1200mV 85C Model Hold 'CPU:Calculator|Random:Rand|fourthClock'
Slack : 0.507
TNS   : 0.000

Type  : Slow 1200mV 85C Model Recovery 'clock'
Slack : -1.093
TNS   : -57.148

Type  : Slow 1200mV 85C Model Recovery 'CPU:Calculator|Random:Rand|thirdClock'
Slack : 1.370
TNS   : 0.000

Type  : Slow 1200mV 85C Model Recovery 'CPU:Calculator|Random:Rand|secondClock'
Slack : 1.410
TNS   : 0.000

Type  : Slow 1200mV 85C Model Removal 'CPU:Calculator|Random:Rand|secondClock'
Slack : -1.247
TNS   : -39.696

Type  : Slow 1200mV 85C Model Removal 'CPU:Calculator|Random:Rand|thirdClock'
Slack : -1.204
TNS   : -38.320

Type  : Slow 1200mV 85C Model Removal 'clock'
Slack : -0.292
TNS   : -183.531

Type  : Slow 1200mV 85C Model Minimum Pulse Width 'clock'
Slack : -3.000
TNS   : -1523.006

Type  : Slow 1200mV 85C Model Minimum Pulse Width 'CPU:Calculator|Random:Rand|fourthClock'
Slack : -1.000
TNS   : -48.000

Type  : Slow 1200mV 85C Model Minimum Pulse Width 'CPU:Calculator|Random:Rand|secondClock'
Slack : -1.000
TNS   : -33.000

Type  : Slow 1200mV 85C Model Minimum Pulse Width 'CPU:Calculator|Random:Rand|thirdClock'
Slack : -1.000
TNS   : -32.000

Type  : Slow 1200mV 85C Model Minimum Pulse Width 'opCode[0]'
Slack : 0.337
TNS   : 0.000

Type  : Slow 1200mV 85C Model Minimum Pulse Width 'resetCPU'
Slack : 0.390
TNS   : 0.000

Type  : Slow 1200mV 0C Model Setup 'clock'
Slack : -32.701
TNS   : -7018.037

Type  : Slow 1200mV 0C Model Setup 'CPU:Calculator|Random:Rand|thirdClock'
Slack : -8.225
TNS   : -260.624

Type  : Slow 1200mV 0C Model Setup 'opCode[0]'
Slack : -6.177
TNS   : -113.907

Type  : Slow 1200mV 0C Model Setup 'resetCPU'
Slack : -4.786
TNS   : -113.630

Type  : Slow 1200mV 0C Model Setup 'CPU:Calculator|Random:Rand|fourthClock'
Slack : -4.262
TNS   : -150.070

Type  : Slow 1200mV 0C Model Setup 'CPU:Calculator|Random:Rand|secondClock'
Slack : -2.623
TNS   : -41.792

Type  : Slow 1200mV 0C Model Hold 'opCode[0]'
Slack : -0.015
TNS   : -0.015

Type  : Slow 1200mV 0C Model Hold 'clock'
Slack : 0.026
TNS   : 0.000

Type  : Slow 1200mV 0C Model Hold 'CPU:Calculator|Random:Rand|thirdClock'
Slack : 0.199
TNS   : 0.000

Type  : Slow 1200mV 0C Model Hold 'resetCPU'
Slack : 0.229
TNS   : 0.000

Type  : Slow 1200mV 0C Model Hold 'CPU:Calculator|Random:Rand|secondClock'
Slack : 0.259
TNS   : 0.000

Type  : Slow 1200mV 0C Model Hold 'CPU:Calculator|Random:Rand|fourthClock'
Slack : 0.457
TNS   : 0.000

Type  : Slow 1200mV 0C Model Recovery 'clock'
Slack : -0.872
TNS   : -44.488

Type  : Slow 1200mV 0C Model Recovery 'CPU:Calculator|Random:Rand|thirdClock'
Slack : 1.261
TNS   : 0.000

Type  : Slow 1200mV 0C Model Recovery 'CPU:Calculator|Random:Rand|secondClock'
Slack : 1.303
TNS   : 0.000

Type  : Slow 1200mV 0C Model Removal 'CPU:Calculator|Random:Rand|secondClock'
Slack : -1.118
TNS   : -35.568

Type  : Slow 1200mV 0C Model Removal 'CPU:Calculator|Random:Rand|thirdClock'
Slack : -1.076
TNS   : -34.224

Type  : Slow 1200mV 0C Model Removal 'clock'
Slack : -0.313
TNS   : -197.667

Type  : Slow 1200mV 0C Model Minimum Pulse Width 'clock'
Slack : -3.000
TNS   : -1522.712

Type  : Slow 1200mV 0C Model Minimum Pulse Width 'CPU:Calculator|Random:Rand|fourthClock'
Slack : -1.000
TNS   : -48.000

Type  : Slow 1200mV 0C Model Minimum Pulse Width 'CPU:Calculator|Random:Rand|secondClock'
Slack : -1.000
TNS   : -33.000

Type  : Slow 1200mV 0C Model Minimum Pulse Width 'CPU:Calculator|Random:Rand|thirdClock'
Slack : -1.000
TNS   : -32.000

Type  : Slow 1200mV 0C Model Minimum Pulse Width 'opCode[0]'
Slack : 0.423
TNS   : 0.000

Type  : Slow 1200mV 0C Model Minimum Pulse Width 'resetCPU'
Slack : 0.426
TNS   : 0.000

Type  : Fast 1200mV 0C Model Setup 'clock'
Slack : -20.554
TNS   : -4027.876

Type  : Fast 1200mV 0C Model Setup 'CPU:Calculator|Random:Rand|thirdClock'
Slack : -5.023
TNS   : -159.232

Type  : Fast 1200mV 0C Model Setup 'opCode[0]'
Slack : -3.829
TNS   : -55.980

Type  : Fast 1200mV 0C Model Setup 'resetCPU'
Slack : -2.764
TNS   : -61.905

Type  : Fast 1200mV 0C Model Setup 'CPU:Calculator|Random:Rand|fourthClock'
Slack : -2.654
TNS   : -87.752

Type  : Fast 1200mV 0C Model Setup 'CPU:Calculator|Random:Rand|secondClock'
Slack : -1.264
TNS   : -15.848

Type  : Fast 1200mV 0C Model Hold 'opCode[0]'
Slack : -0.040
TNS   : -0.040

Type  : Fast 1200mV 0C Model Hold 'clock'
Slack : 0.011
TNS   : 0.000

Type  : Fast 1200mV 0C Model Hold 'resetCPU'
Slack : 0.054
TNS   : 0.000

Type  : Fast 1200mV 0C Model Hold 'CPU:Calculator|Random:Rand|secondClock'
Slack : 0.099
TNS   : 0.000

Type  : Fast 1200mV 0C Model Hold 'CPU:Calculator|Random:Rand|thirdClock'
Slack : 0.242
TNS   : 0.000

Type  : Fast 1200mV 0C Model Hold 'CPU:Calculator|Random:Rand|fourthClock'
Slack : 0.263
TNS   : 0.000

Type  : Fast 1200mV 0C Model Recovery 'clock'
Slack : -0.211
TNS   : -7.226

Type  : Fast 1200mV 0C Model Recovery 'CPU:Calculator|Random:Rand|thirdClock'
Slack : 1.041
TNS   : 0.000

Type  : Fast 1200mV 0C Model Recovery 'CPU:Calculator|Random:Rand|secondClock'
Slack : 1.088
TNS   : 0.000

Type  : Fast 1200mV 0C Model Removal 'CPU:Calculator|Random:Rand|secondClock'
Slack : -0.796
TNS   : -25.328

Type  : Fast 1200mV 0C Model Removal 'CPU:Calculator|Random:Rand|thirdClock'
Slack : -0.746
TNS   : -23.760

Type  : Fast 1200mV 0C Model Removal 'clock'
Slack : -0.167
TNS   : -103.827

Type  : Fast 1200mV 0C Model Minimum Pulse Width 'clock'
Slack : -3.000
TNS   : -1595.717

Type  : Fast 1200mV 0C Model Minimum Pulse Width 'CPU:Calculator|Random:Rand|fourthClock'
Slack : -1.000
TNS   : -48.000

Type  : Fast 1200mV 0C Model Minimum Pulse Width 'CPU:Calculator|Random:Rand|secondClock'
Slack : -1.000
TNS   : -33.000

Type  : Fast 1200mV 0C Model Minimum Pulse Width 'CPU:Calculator|Random:Rand|thirdClock'
Slack : -1.000
TNS   : -32.000

Type  : Fast 1200mV 0C Model Minimum Pulse Width 'opCode[0]'
Slack : 0.294
TNS   : 0.000

Type  : Fast 1200mV 0C Model Minimum Pulse Width 'resetCPU'
Slack : 0.411
TNS   : 0.000

------------------------------------------------------------
