------------------------------------------------------------
Timing Analyzer Summary
------------------------------------------------------------

Type  : Slow 1200mV 85C Model Setup 'clock'
Slack : -50.090
TNS   : -10370.625

Type  : Slow 1200mV 85C Model Setup 'CPU:Calculator|Random:Rand|thirdClock'
Slack : -10.279
TNS   : -326.416

Type  : Slow 1200mV 85C Model Setup 'opCode[0]'
Slack : -8.619
TNS   : -201.319

Type  : Slow 1200mV 85C Model Setup 'resetCPU'
Slack : -5.914
TNS   : -164.362

Type  : Slow 1200mV 85C Model Setup 'CPU:Calculator|Random:Rand|fourthClock'
Slack : -5.336
TNS   : -180.787

Type  : Slow 1200mV 85C Model Setup 'CPU:Calculator|Random:Rand|secondClock'
Slack : -2.883
TNS   : -48.783

Type  : Slow 1200mV 85C Model Setup 'RGBMatrix:Matrix|secondClock'
Slack : -2.605
TNS   : -129.570

Type  : Slow 1200mV 85C Model Hold 'opCode[0]'
Slack : -0.109
TNS   : -0.109

Type  : Slow 1200mV 85C Model Hold 'clock'
Slack : 0.030
TNS   : 0.000

Type  : Slow 1200mV 85C Model Hold 'CPU:Calculator|Random:Rand|thirdClock'
Slack : 0.160
TNS   : 0.000

Type  : Slow 1200mV 85C Model Hold 'resetCPU'
Slack : 0.226
TNS   : 0.000

Type  : Slow 1200mV 85C Model Hold 'CPU:Calculator|Random:Rand|secondClock'
Slack : 0.302
TNS   : 0.000

Type  : Slow 1200mV 85C Model Hold 'RGBMatrix:Matrix|secondClock'
Slack : 0.343
TNS   : 0.000

Type  : Slow 1200mV 85C Model Hold 'CPU:Calculator|Random:Rand|fourthClock'
Slack : 0.522
TNS   : 0.000

Type  : Slow 1200mV 85C Model Recovery 'clock'
Slack : -1.200
TNS   : -63.560

Type  : Slow 1200mV 85C Model Recovery 'CPU:Calculator|Random:Rand|secondClock'
Slack : 1.251
TNS   : 0.000

Type  : Slow 1200mV 85C Model Recovery 'CPU:Calculator|Random:Rand|thirdClock'
Slack : 1.383
TNS   : 0.000

Type  : Slow 1200mV 85C Model Removal 'CPU:Calculator|Random:Rand|thirdClock'
Slack : -1.211
TNS   : -38.736

Type  : Slow 1200mV 85C Model Removal 'CPU:Calculator|Random:Rand|secondClock'
Slack : -1.065
TNS   : -34.080

Type  : Slow 1200mV 85C Model Removal 'clock'
Slack : -0.287
TNS   : -190.795

Type  : Slow 1200mV 85C Model Minimum Pulse Width 'clock'
Slack : -3.000
TNS   : -1697.712

Type  : Slow 1200mV 85C Model Minimum Pulse Width 'RGBMatrix:Matrix|secondClock'
Slack : -1.000
TNS   : -69.000

Type  : Slow 1200mV 85C Model Minimum Pulse Width 'CPU:Calculator|Random:Rand|fourthClock'
Slack : -1.000
TNS   : -52.000

Type  : Slow 1200mV 85C Model Minimum Pulse Width 'CPU:Calculator|Random:Rand|secondClock'
Slack : -1.000
TNS   : -33.000

Type  : Slow 1200mV 85C Model Minimum Pulse Width 'CPU:Calculator|Random:Rand|thirdClock'
Slack : -1.000
TNS   : -32.000

Type  : Slow 1200mV 85C Model Minimum Pulse Width 'opCode[0]'
Slack : 0.237
TNS   : 0.000

Type  : Slow 1200mV 85C Model Minimum Pulse Width 'resetCPU'
Slack : 0.362
TNS   : 0.000

Type  : Slow 1200mV 0C Model Setup 'clock'
Slack : -44.570
TNS   : -9153.965

Type  : Slow 1200mV 0C Model Setup 'CPU:Calculator|Random:Rand|thirdClock'
Slack : -9.200
TNS   : -291.952

Type  : Slow 1200mV 0C Model Setup 'opCode[0]'
Slack : -7.690
TNS   : -173.113

Type  : Slow 1200mV 0C Model Setup 'resetCPU'
Slack : -5.362
TNS   : -148.646

Type  : Slow 1200mV 0C Model Setup 'CPU:Calculator|Random:Rand|fourthClock'
Slack : -4.660
TNS   : -157.700

Type  : Slow 1200mV 0C Model Setup 'CPU:Calculator|Random:Rand|secondClock'
Slack : -2.530
TNS   : -39.264

Type  : Slow 1200mV 0C Model Setup 'RGBMatrix:Matrix|secondClock'
Slack : -2.283
TNS   : -110.814

Type  : Slow 1200mV 0C Model Hold 'opCode[0]'
Slack : -0.137
TNS   : -0.137

Type  : Slow 1200mV 0C Model Hold 'clock'
Slack : 0.026
TNS   : 0.000

Type  : Slow 1200mV 0C Model Hold 'CPU:Calculator|Random:Rand|thirdClock'
Slack : 0.204
TNS   : 0.000

Type  : Slow 1200mV 0C Model Hold 'resetCPU'
Slack : 0.224
TNS   : 0.000

Type  : Slow 1200mV 0C Model Hold 'RGBMatrix:Matrix|secondClock'
Slack : 0.298
TNS   : 0.000

Type  : Slow 1200mV 0C Model Hold 'CPU:Calculator|Random:Rand|secondClock'
Slack : 0.310
TNS   : 0.000

Type  : Slow 1200mV 0C Model Hold 'CPU:Calculator|Random:Rand|fourthClock'
Slack : 0.470
TNS   : 0.000

Type  : Slow 1200mV 0C Model Recovery 'clock'
Slack : -0.971
TNS   : -49.752

Type  : Slow 1200mV 0C Model Recovery 'CPU:Calculator|Random:Rand|secondClock'
Slack : 1.157
TNS   : 0.000

Type  : Slow 1200mV 0C Model Recovery 'CPU:Calculator|Random:Rand|thirdClock'
Slack : 1.282
TNS   : 0.000

Type  : Slow 1200mV 0C Model Removal 'CPU:Calculator|Random:Rand|thirdClock'
Slack : -1.091
TNS   : -34.896

Type  : Slow 1200mV 0C Model Removal 'CPU:Calculator|Random:Rand|secondClock'
Slack : -0.956
TNS   : -30.592

Type  : Slow 1200mV 0C Model Removal 'clock'
Slack : -0.307
TNS   : -207.735

Type  : Slow 1200mV 0C Model Minimum Pulse Width 'clock'
Slack : -3.000
TNS   : -1697.712

Type  : Slow 1200mV 0C Model Minimum Pulse Width 'RGBMatrix:Matrix|secondClock'
Slack : -1.000
TNS   : -69.000

Type  : Slow 1200mV 0C Model Minimum Pulse Width 'CPU:Calculator|Random:Rand|fourthClock'
Slack : -1.000
TNS   : -52.000

Type  : Slow 1200mV 0C Model Minimum Pulse Width 'CPU:Calculator|Random:Rand|secondClock'
Slack : -1.000
TNS   : -33.000

Type  : Slow 1200mV 0C Model Minimum Pulse Width 'CPU:Calculator|Random:Rand|thirdClock'
Slack : -1.000
TNS   : -32.000

Type  : Slow 1200mV 0C Model Minimum Pulse Width 'opCode[0]'
Slack : 0.353
TNS   : 0.000

Type  : Slow 1200mV 0C Model Minimum Pulse Width 'resetCPU'
Slack : 0.410
TNS   : 0.000

Type  : Fast 1200mV 0C Model Setup 'clock'
Slack : -28.136
TNS   : -5334.616

Type  : Fast 1200mV 0C Model Setup 'CPU:Calculator|Random:Rand|thirdClock'
Slack : -5.606
TNS   : -177.952

Type  : Fast 1200mV 0C Model Setup 'opCode[0]'
Slack : -4.756
TNS   : -93.748

Type  : Fast 1200mV 0C Model Setup 'resetCPU'
Slack : -3.166
TNS   : -84.359

Type  : Fast 1200mV 0C Model Setup 'CPU:Calculator|Random:Rand|fourthClock'
Slack : -2.638
TNS   : -80.564

Type  : Fast 1200mV 0C Model Setup 'CPU:Calculator|Random:Rand|secondClock'
Slack : -1.205
TNS   : -14.106

Type  : Fast 1200mV 0C Model Setup 'RGBMatrix:Matrix|secondClock'
Slack : -0.990
TNS   : -43.405

Type  : Fast 1200mV 0C Model Hold 'opCode[0]'
Slack : -0.164
TNS   : -0.177

Type  : Fast 1200mV 0C Model Hold 'clock'
Slack : 0.008
TNS   : 0.000

Type  : Fast 1200mV 0C Model Hold 'resetCPU'
Slack : 0.072
TNS   : 0.000

Type  : Fast 1200mV 0C Model Hold 'CPU:Calculator|Random:Rand|secondClock'
Slack : 0.148
TNS   : 0.000

Type  : Fast 1200mV 0C Model Hold 'RGBMatrix:Matrix|secondClock'
Slack : 0.179
TNS   : 0.000

Type  : Fast 1200mV 0C Model Hold 'CPU:Calculator|Random:Rand|thirdClock'
Slack : 0.227
TNS   : 0.000

Type  : Fast 1200mV 0C Model Hold 'CPU:Calculator|Random:Rand|fourthClock'
Slack : 0.271
TNS   : 0.000

Type  : Fast 1200mV 0C Model Recovery 'clock'
Slack : -0.283
TNS   : -10.597

Type  : Fast 1200mV 0C Model Recovery 'CPU:Calculator|Random:Rand|secondClock'
Slack : 0.963
TNS   : 0.000

Type  : Fast 1200mV 0C Model Recovery 'CPU:Calculator|Random:Rand|thirdClock'
Slack : 1.072
TNS   : 0.000

Type  : Fast 1200mV 0C Model Removal 'CPU:Calculator|Random:Rand|thirdClock'
Slack : -0.770
TNS   : -24.624

Type  : Fast 1200mV 0C Model Removal 'CPU:Calculator|Random:Rand|secondClock'
Slack : -0.654
TNS   : -20.912

Type  : Fast 1200mV 0C Model Removal 'clock'
Slack : -0.164
TNS   : -108.905

Type  : Fast 1200mV 0C Model Minimum Pulse Width 'clock'
Slack : -3.000
TNS   : -1783.654

Type  : Fast 1200mV 0C Model Minimum Pulse Width 'RGBMatrix:Matrix|secondClock'
Slack : -1.000
TNS   : -69.000

Type  : Fast 1200mV 0C Model Minimum Pulse Width 'CPU:Calculator|Random:Rand|fourthClock'
Slack : -1.000
TNS   : -52.000

Type  : Fast 1200mV 0C Model Minimum Pulse Width 'CPU:Calculator|Random:Rand|secondClock'
Slack : -1.000
TNS   : -33.000

Type  : Fast 1200mV 0C Model Minimum Pulse Width 'CPU:Calculator|Random:Rand|thirdClock'
Slack : -1.000
TNS   : -32.000

Type  : Fast 1200mV 0C Model Minimum Pulse Width 'opCode[0]'
Slack : 0.182
TNS   : 0.000

Type  : Fast 1200mV 0C Model Minimum Pulse Width 'resetCPU'
Slack : 0.391
TNS   : 0.000

------------------------------------------------------------
